// Jest Snapshot v1, https://goo.gl/fbAQLP

exports[`Smthng 1`] = `"width: 100px; height: 100px; background-color: red"`;
